{"level":"info","message":{"close":2880,"datetime":"2026-07-31T02:00:00.000Z","high":2900,"low":2860,"open":2880,"source":"TradingView","symbol":"IDX:ANTM","timeframe":"D","timestamp":1785463200,"volume":98459300},"timestamp":"2026-08-02T17:22:12.111Z"}
{"level":"info","message":{"close":3040,"datetime":"2026-07-31T02:00:00.000Z","high":3040,"low":2980,"open":3000,"source":"TradingView","symbol":"IDX:BBRI","timeframe":"D","timestamp":1785463200,"volume":226634400},"timestamp":"2026-08-02T17:22:12.114Z"}
{"level":"info","message":{"close":6325,"datetime":"2026-07-31T02:00:00.000Z","high":6450,"low":6325,"open":6425,"source":"TradingView","symbol":"IDX:BBCA","timeframe":"D","timestamp":1785463200,"volume":153174800},"timestamp":"2026-08-02T17:22:12.114Z"}
{"level":"info","message":{"close":2630,"datetime":"2026-07-31T02:00:00.000Z","high":2680,"low":2600,"open":2670,"source":"TradingView","symbol":"IDX:TLKM","timeframe":"D","timestamp":1785463200,"volume":91987400},"timestamp":"2026-08-02T17:22:12.115Z"}
{"level":"info","message":{"close":4190,"datetime":"2026-07-31T02:00:00.000Z","high":4200,"low":4160,"open":4180,"source":"TradingView","symbol":"IDX:BMRI","timeframe":"D","timestamp":1785463200,"volume":97657300},"timestamp":"2026-08-02T17:22:12.116Z"}
{"level":"info","message":{"close":3530,"datetime":"2026-07-31T02:00:00.000Z","high":3580,"low":3510,"open":3570,"source":"TradingView","symbol":"IDX:BBNI","timeframe":"D","timestamp":1785463200,"volume":48321300},"timestamp":"2026-08-02T17:22:12.116Z"}
{"level":"info","message":{"close":5100,"datetime":"2026-07-31T02:00:00.000Z","high":5175,"low":5000,"open":5000,"source":"TradingView","symbol":"IDX:ASII","timeframe":"D","timestamp":1785463200,"volume":46139800},"timestamp":"2026-08-02T17:22:12.117Z"}
{"level":"info","message":{"close":2630,"datetime":"2026-07-31T02:00:00.000Z","event":"NEW_CANDLE","symbol":"IDX:TLKM","timeframe":"D","volume":91987400},"timestamp":"2026-08-02T17:27:55.331Z"}
{"level":"info","message":{"close":5100,"datetime":"2026-07-31T02:00:00.000Z","event":"NEW_CANDLE","symbol":"IDX:ASII","timeframe":"D","volume":46139800},"timestamp":"2026-08-02T17:27:55.334Z"}
{"level":"info","message":{"close":3530,"datetime":"2026-07-31T02:00:00.000Z","event":"NEW_CANDLE","symbol":"IDX:BBNI","timeframe":"D","volume":48321300},"timestamp":"2026-08-02T17:27:55.335Z"}
{"level":"info","message":{"close":2880,"datetime":"2026-07-31T02:00:00.000Z","event":"NEW_CANDLE","symbol":"IDX:ANTM","timeframe":"D","volume":98459300},"timestamp":"2026-08-02T17:27:55.337Z"}
{"level":"info","message":{"close":6325,"datetime":"2026-07-31T02:00:00.000Z","event":"NEW_CANDLE","symbol":"IDX:BBCA","timeframe":"D","volume":153174800},"timestamp":"2026-08-02T17:27:55.337Z"}
{"level":"info","message":{"close":4190,"datetime":"2026-07-31T02:00:00.000Z","event":"NEW_CANDLE","symbol":"IDX:BMRI","timeframe":"D","volume":97657300},"timestamp":"2026-08-02T17:27:55.341Z"}
{"level":"info","message":{"close":3040,"datetime":"2026-07-31T02:00:00.000Z","event":"NEW_CANDLE","symbol":"IDX:BBRI","timeframe":"D","volume":226634400},"timestamp":"2026-08-02T17:27:55.344Z"}
{"level":"info","message":{"close":6325,"datetime":"2026-07-31T02:00:00.000Z","event":"NEW_CANDLE","symbol":"IDX:BBCA","timeframe":"D","volume":153174800},"timestamp":"2026-08-02T17:35:05.429Z"}
{"level":"info","message":{"close":2880,"datetime":"2026-07-31T02:00:00.000Z","event":"NEW_CANDLE","symbol":"IDX:ANTM","timeframe":"D","volume":98459300},"timestamp":"2026-08-02T17:35:05.433Z"}
{"level":"info","message":{"close":3040,"datetime":"2026-07-31T02:00:00.000Z","event":"NEW_CANDLE","symbol":"IDX:BBRI","timeframe":"D","volume":226634400},"timestamp":"2026-08-02T17:35:05.433Z"}
{"level":"info","message":{"close":2630,"datetime":"2026-07-31T02:00:00.000Z","event":"NEW_CANDLE","symbol":"IDX:TLKM","timeframe":"D","volume":91987400},"timestamp":"2026-08-02T17:35:05.434Z"}
{"level":"info","message":{"close":4190,"datetime":"2026-07-31T02:00:00.000Z","event":"NEW_CANDLE","symbol":"IDX:BMRI","timeframe":"D","volume":97657300},"timestamp":"2026-08-02T17:35:05.434Z"}
{"level":"info","message":{"close":5100,"datetime":"2026-07-31T02:00:00.000Z","event":"NEW_CANDLE","symbol":"IDX:ASII","timeframe":"D","volume":46139800},"timestamp":"2026-08-02T17:35:05.440Z"}
{"level":"info","message":{"close":3530,"datetime":"2026-07-31T02:00:00.000Z","event":"NEW_CANDLE","symbol":"IDX:BBNI","timeframe":"D","volume":48321300},"timestamp":"2026-08-02T17:35:05.457Z"}
{"level":"info","message":{"event":"NEW_MARKET","market":"IDX"},"timestamp":"2026-08-02T18:42:56.845Z"}
{"event":"COLLECTOR_ERROR","level":"error","message":"nilai kunci ganda melanggar batasan unik « markets_code_key »","stack":"error: nilai kunci ganda melanggar batasan unik « markets_code_key »\n    at E:\\Dg Narang\\Apps Dev\\Trading_App\\investlab-collector\\node_modules\\pg-pool\\index.js:45:11\n    at process.processTicksAndRejections (node:internal/process/task_queues:104:5)\n    at async Repository.createMarket (file:///E:/Dg%20Narang/Apps%20Dev/Trading_App/investlab-collector/src/database/repository.js:35:24)\n    at async CollectorService.handleCandle (file:///E:/Dg%20Narang/Apps%20Dev/Trading_App/investlab-collector/src/services/collectorService.js:20:26)\n    at async file:///E:/Dg%20Narang/Apps%20Dev/Trading_App/investlab-collector/src/tradingview/chart.js:32:9","timestamp":"2026-08-02T18:42:56.853Z"}
{"event":"COLLECTOR_ERROR","level":"error","message":"nilai kunci ganda melanggar batasan unik « markets_code_key »","stack":"error: nilai kunci ganda melanggar batasan unik « markets_code_key »\n    at E:\\Dg Narang\\Apps Dev\\Trading_App\\investlab-collector\\node_modules\\pg-pool\\index.js:45:11\n    at process.processTicksAndRejections (node:internal/process/task_queues:104:5)\n    at async Repository.createMarket (file:///E:/Dg%20Narang/Apps%20Dev/Trading_App/investlab-collector/src/database/repository.js:35:24)\n    at async CollectorService.handleCandle (file:///E:/Dg%20Narang/Apps%20Dev/Trading_App/investlab-collector/src/services/collectorService.js:20:26)\n    at async file:///E:/Dg%20Narang/Apps%20Dev/Trading_App/investlab-collector/src/tradingview/chart.js:32:9","timestamp":"2026-08-02T18:42:56.856Z"}
{"event":"COLLECTOR_ERROR","level":"error","message":"nilai kunci ganda melanggar batasan unik « markets_code_key »","stack":"error: nilai kunci ganda melanggar batasan unik « markets_code_key »\n    at E:\\Dg Narang\\Apps Dev\\Trading_App\\investlab-collector\\node_modules\\pg-pool\\index.js:45:11\n    at process.processTicksAndRejections (node:internal/process/task_queues:104:5)\n    at async Repository.createMarket (file:///E:/Dg%20Narang/Apps%20Dev/Trading_App/investlab-collector/src/database/repository.js:35:24)\n    at async CollectorService.handleCandle (file:///E:/Dg%20Narang/Apps%20Dev/Trading_App/investlab-collector/src/services/collectorService.js:20:26)\n    at async file:///E:/Dg%20Narang/Apps%20Dev/Trading_App/investlab-collector/src/tradingview/chart.js:32:9","timestamp":"2026-08-02T18:42:56.858Z"}
{"level":"info","message":{"event":"NEW_SYMBOL","market":"IDX","symbol":"ASII"},"timestamp":"2026-08-02T18:42:56.859Z"}
{"level":"info","message":{"event":"NEW_SYMBOL","market":"IDX","symbol":"ANTM"},"timestamp":"2026-08-02T18:42:56.871Z"}
{"level":"info","message":{"close":5100,"datetime":"2026-07-31T02:00:00.000Z","event":"NEW_CANDLE","market":"IDX","symbol":"ASII","timeframe":"D","volume":46139800},"timestamp":"2026-08-02T18:42:56.886Z"}
{"level":"info","message":{"event":"NEW_SYMBOL","market":"IDX","symbol":"BBNI"},"timestamp":"2026-08-02T18:42:56.887Z"}
{"level":"info","message":{"close":2880,"datetime":"2026-07-31T02:00:00.000Z","event":"NEW_CANDLE","market":"IDX","symbol":"ANTM","timeframe":"D","volume":98459300},"timestamp":"2026-08-02T18:42:56.888Z"}
{"level":"info","message":{"close":3530,"datetime":"2026-07-31T02:00:00.000Z","event":"NEW_CANDLE","market":"IDX","symbol":"BBNI","timeframe":"D","volume":48321300},"timestamp":"2026-08-02T18:42:56.889Z"}
{"level":"info","message":{"event":"NEW_SYMBOL","market":"IDX","symbol":"BBRI"},"timestamp":"2026-08-02T18:42:56.928Z"}
{"level":"info","message":{"close":3040,"datetime":"2026-07-31T02:00:00.000Z","event":"NEW_CANDLE","market":"IDX","symbol":"BBRI","timeframe":"D","volume":226634400},"timestamp":"2026-08-02T18:42:56.931Z"}
{"level":"info","message":{"close":5100,"datetime":"2026-07-31T02:00:00.000Z","event":"NEW_CANDLE","market":"IDX","symbol":"ASII","timeframe":"D","volume":46139800},"timestamp":"2026-08-02T18:49:48.872Z"}
{"event":"COLLECTOR_ERROR","level":"error","message":"there is no unique or exclusion constraint matching the ON CONFLICT specification","stack":"error: there is no unique or exclusion constraint matching the ON CONFLICT specification\n    at E:\\Dg Narang\\Apps Dev\\Trading_App\\investlab-collector\\node_modules\\pg-pool\\index.js:45:11\n    at process.processTicksAndRejections (node:internal/process/task_queues:104:5)\n    at async Repository.createSymbol (file:///E:/Dg%20Narang/Apps%20Dev/Trading_App/investlab-collector/src/database/repository.js:80:24)\n    at async CollectorService.handleCandle (file:///E:/Dg%20Narang/Apps%20Dev/Trading_App/investlab-collector/src/services/collectorService.js:45:26)\n    at async file:///E:/Dg%20Narang/Apps%20Dev/Trading_App/investlab-collector/src/tradingview/chart.js:32:9","timestamp":"2026-08-02T18:49:48.876Z"}
{"event":"COLLECTOR_ERROR","level":"error","message":"there is no unique or exclusion constraint matching the ON CONFLICT specification","stack":"error: there is no unique or exclusion constraint matching the ON CONFLICT specification\n    at E:\\Dg Narang\\Apps Dev\\Trading_App\\investlab-collector\\node_modules\\pg-pool\\index.js:45:11\n    at process.processTicksAndRejections (node:internal/process/task_queues:104:5)\n    at async Repository.createSymbol (file:///E:/Dg%20Narang/Apps%20Dev/Trading_App/investlab-collector/src/database/repository.js:80:24)\n    at async CollectorService.handleCandle (file:///E:/Dg%20Narang/Apps%20Dev/Trading_App/investlab-collector/src/services/collectorService.js:45:26)\n    at async file:///E:/Dg%20Narang/Apps%20Dev/Trading_App/investlab-collector/src/tradingview/chart.js:32:9","timestamp":"2026-08-02T18:49:48.883Z"}
{"level":"info","message":{"close":2880,"datetime":"2026-07-31T02:00:00.000Z","event":"NEW_CANDLE","market":"IDX","symbol":"ANTM","timeframe":"D","volume":98459300},"timestamp":"2026-08-02T18:49:48.895Z"}
{"level":"info","message":{"close":3040,"datetime":"2026-07-31T02:00:00.000Z","event":"NEW_CANDLE","market":"IDX","symbol":"BBRI","timeframe":"D","volume":226634400},"timestamp":"2026-08-02T18:49:48.900Z"}
{"level":"info","message":{"close":3530,"datetime":"2026-07-31T02:00:00.000Z","event":"NEW_CANDLE","market":"IDX","symbol":"BBNI","timeframe":"D","volume":48321300},"timestamp":"2026-08-02T18:49:48.913Z"}
{"event":"COLLECTOR_ERROR","level":"error","message":"there is no unique or exclusion constraint matching the ON CONFLICT specification","stack":"error: there is no unique or exclusion constraint matching the ON CONFLICT specification\n    at E:\\Dg Narang\\Apps Dev\\Trading_App\\investlab-collector\\node_modules\\pg-pool\\index.js:45:11\n    at process.processTicksAndRejections (node:internal/process/task_queues:104:5)\n    at async Repository.createSymbol (file:///E:/Dg%20Narang/Apps%20Dev/Trading_App/investlab-collector/src/database/repository.js:80:24)\n    at async CollectorService.handleCandle (file:///E:/Dg%20Narang/Apps%20Dev/Trading_App/investlab-collector/src/services/collectorService.js:45:26)\n    at async file:///E:/Dg%20Narang/Apps%20Dev/Trading_App/investlab-collector/src/tradingview/chart.js:32:9","timestamp":"2026-08-02T18:49:48.925Z"}
{"event":"COLLECTOR_ERROR","level":"error","message":"there is no unique or exclusion constraint matching the ON CONFLICT specification","stack":"error: there is no unique or exclusion constraint matching the ON CONFLICT specification\n    at E:\\Dg Narang\\Apps Dev\\Trading_App\\investlab-collector\\node_modules\\pg-pool\\index.js:45:11\n    at process.processTicksAndRejections (node:internal/process/task_queues:104:5)\n    at async Repository.createSymbol (file:///E:/Dg%20Narang/Apps%20Dev/Trading_App/investlab-collector/src/database/repository.js:80:24)\n    at async CollectorService.handleCandle (file:///E:/Dg%20Narang/Apps%20Dev/Trading_App/investlab-collector/src/services/collectorService.js:45:26)\n    at async file:///E:/Dg%20Narang/Apps%20Dev/Trading_App/investlab-collector/src/tradingview/chart.js:32:9","timestamp":"2026-08-02T18:52:00.273Z"}
{"level":"info","message":{"close":3530,"datetime":"2026-07-31T02:00:00.000Z","event":"NEW_CANDLE","market":"IDX","symbol":"BBNI","timeframe":"D","volume":48321300},"timestamp":"2026-08-02T18:52:00.286Z"}
{"level":"info","message":{"close":2880,"datetime":"2026-07-31T02:00:00.000Z","event":"NEW_CANDLE","market":"IDX","symbol":"ANTM","timeframe":"D","volume":98459300},"timestamp":"2026-08-02T18:52:00.334Z"}
{"level":"info","message":{"close":3040,"datetime":"2026-07-31T02:00:00.000Z","event":"NEW_CANDLE","market":"IDX","symbol":"BBRI","timeframe":"D","volume":226634400},"timestamp":"2026-08-02T18:52:00.342Z"}
{"event":"COLLECTOR_ERROR","level":"error","message":"there is no unique or exclusion constraint matching the ON CONFLICT specification","stack":"error: there is no unique or exclusion constraint matching the ON CONFLICT specification\n    at E:\\Dg Narang\\Apps Dev\\Trading_App\\investlab-collector\\node_modules\\pg-pool\\index.js:45:11\n    at process.processTicksAndRejections (node:internal/process/task_queues:104:5)\n    at async Repository.createSymbol (file:///E:/Dg%20Narang/Apps%20Dev/Trading_App/investlab-collector/src/database/repository.js:80:24)\n    at async CollectorService.handleCandle (file:///E:/Dg%20Narang/Apps%20Dev/Trading_App/investlab-collector/src/services/collectorService.js:45:26)\n    at async file:///E:/Dg%20Narang/Apps%20Dev/Trading_App/investlab-collector/src/tradingview/chart.js:32:9","timestamp":"2026-08-02T18:52:00.356Z"}
{"level":"info","message":{"close":5100,"datetime":"2026-07-31T02:00:00.000Z","event":"NEW_CANDLE","market":"IDX","symbol":"ASII","timeframe":"D","volume":46139800},"timestamp":"2026-08-02T18:52:00.359Z"}
{"event":"COLLECTOR_ERROR","level":"error","message":"there is no unique or exclusion constraint matching the ON CONFLICT specification","stack":"error: there is no unique or exclusion constraint matching the ON CONFLICT specification\n    at E:\\Dg Narang\\Apps Dev\\Trading_App\\investlab-collector\\node_modules\\pg-pool\\index.js:45:11\n    at process.processTicksAndRejections (node:internal/process/task_queues:104:5)\n    at async Repository.createSymbol (file:///E:/Dg%20Narang/Apps%20Dev/Trading_App/investlab-collector/src/database/repository.js:80:24)\n    at async CollectorService.handleCandle (file:///E:/Dg%20Narang/Apps%20Dev/Trading_App/investlab-collector/src/services/collectorService.js:45:26)\n    at async file:///E:/Dg%20Narang/Apps%20Dev/Trading_App/investlab-collector/src/tradingview/chart.js:32:9","timestamp":"2026-08-02T18:52:00.363Z"}
{"level":"info","message":{"event":"NEW_MARKET","market":"IDX"},"timestamp":"2026-08-02T19:05:07.399Z"}
{"level":"info","message":{"event":"NEW_MARKET","market":"IDX"},"timestamp":"2026-08-02T19:05:07.403Z"}
{"level":"info","message":{"event":"NEW_SYMBOL","market":"IDX","symbol":"ASII"},"timestamp":"2026-08-02T19:05:07.411Z"}
{"level":"info","message":{"event":"NEW_SYMBOL","market":"IDX","symbol":"BMRI"},"timestamp":"2026-08-02T19:05:07.413Z"}
{"level":"info","message":{"event":"NEW_SYMBOL","market":"IDX","symbol":"BBCA"},"timestamp":"2026-08-02T19:05:07.417Z"}
{"level":"info","message":{"event":"NEW_SYMBOL","market":"IDX","symbol":"BBNI"},"timestamp":"2026-08-02T19:05:07.419Z"}
{"level":"info","message":{"event":"NEW_SYMBOL","market":"IDX","symbol":"TLKM"},"timestamp":"2026-08-02T19:05:07.421Z"}
{"level":"info","message":{"close":5100,"datetime":"2026-07-31T02:00:00.000Z","event":"NEW_CANDLE","market":"IDX","symbol":"ASII","timeframe":"D","volume":46139800},"timestamp":"2026-08-02T19:05:07.422Z"}
{"level":"info","message":{"close":4190,"datetime":"2026-07-31T02:00:00.000Z","event":"NEW_CANDLE","market":"IDX","symbol":"BMRI","timeframe":"D","volume":97657300},"timestamp":"2026-08-02T19:05:07.422Z"}
{"level":"info","message":{"close":6325,"datetime":"2026-07-31T02:00:00.000Z","event":"NEW_CANDLE","market":"IDX","symbol":"BBCA","timeframe":"D","volume":153174800},"timestamp":"2026-08-02T19:05:07.424Z"}
{"level":"info","message":{"close":3530,"datetime":"2026-07-31T02:00:00.000Z","event":"NEW_CANDLE","market":"IDX","symbol":"BBNI","timeframe":"D","volume":48321300},"timestamp":"2026-08-02T19:05:07.425Z"}
{"level":"info","message":{"close":2630,"datetime":"2026-07-31T02:00:00.000Z","event":"NEW_CANDLE","market":"IDX","symbol":"TLKM","timeframe":"D","volume":91987400},"timestamp":"2026-08-02T19:05:07.425Z"}
{"level":"info","message":{"event":"NEW_SYMBOL","market":"IDX","symbol":"ANTM"},"timestamp":"2026-08-02T19:05:07.436Z"}
{"level":"info","message":{"close":2880,"datetime":"2026-07-31T02:00:00.000Z","event":"NEW_CANDLE","market":"IDX","symbol":"ANTM","timeframe":"D","volume":98459300},"timestamp":"2026-08-02T19:05:07.438Z"}
{"level":"info","message":{"event":"NEW_SYMBOL","market":"IDX","symbol":"BBRI"},"timestamp":"2026-08-02T19:05:07.439Z"}
{"level":"info","message":{"close":3040,"datetime":"2026-07-31T02:00:00.000Z","event":"NEW_CANDLE","market":"IDX","symbol":"BBRI","timeframe":"D","volume":226634400},"timestamp":"2026-08-02T19:05:07.441Z"}
{"level":"info","message":{"close":3530,"datetime":"2026-07-31T02:00:00.000Z","event":"NEW_CANDLE","market":"IDX","symbol":"BBNI","timeframe":"D","volume":48321300},"timestamp":"2026-08-02T19:12:19.559Z"}
{"level":"info","message":{"close":2880,"datetime":"2026-07-31T02:00:00.000Z","event":"NEW_CANDLE","market":"IDX","symbol":"ANTM","timeframe":"D","volume":98459300},"timestamp":"2026-08-02T19:12:19.569Z"}
{"level":"info","message":{"close":5100,"datetime":"2026-07-31T02:00:00.000Z","event":"NEW_CANDLE","market":"IDX","symbol":"ASII","timeframe":"D","volume":46139800},"timestamp":"2026-08-02T19:12:19.573Z"}
{"level":"info","message":{"close":6325,"datetime":"2026-07-31T02:00:00.000Z","event":"NEW_CANDLE","market":"IDX","symbol":"BBCA","timeframe":"D","volume":153174800},"timestamp":"2026-08-02T19:12:19.599Z"}
{"level":"info","message":{"close":4190,"datetime":"2026-07-31T02:00:00.000Z","event":"NEW_CANDLE","market":"IDX","symbol":"BMRI","timeframe":"D","volume":97657300},"timestamp":"2026-08-02T19:12:19.606Z"}
{"level":"info","message":{"close":2630,"datetime":"2026-07-31T02:00:00.000Z","event":"NEW_CANDLE","market":"IDX","symbol":"TLKM","timeframe":"D","volume":91987400},"timestamp":"2026-08-02T19:12:19.612Z"}
{"level":"info","message":{"close":3040,"datetime":"2026-07-31T02:00:00.000Z","event":"NEW_CANDLE","market":"IDX","symbol":"BBRI","timeframe":"D","volume":226634400},"timestamp":"2026-08-02T19:12:19.619Z"}
{"level":"info","message":{"close":2630,"datetime":"2026-07-31T02:00:00.000Z","event":"NEW_CANDLE","market":"IDX","symbol":"TLKM","timeframe":"D","volume":91987400},"timestamp":"2026-08-02T19:16:51.245Z"}
{"level":"info","message":{"close":6325,"datetime":"2026-07-31T02:00:00.000Z","event":"NEW_CANDLE","market":"IDX","symbol":"BBCA","timeframe":"D","volume":153174800},"timestamp":"2026-08-02T19:16:51.254Z"}
{"level":"info","message":{"close":2880,"datetime":"2026-07-31T02:00:00.000Z","event":"NEW_CANDLE","market":"IDX","symbol":"ANTM","timeframe":"D","volume":98459300},"timestamp":"2026-08-02T19:16:51.289Z"}
{"level":"info","message":{"close":3040,"datetime":"2026-07-31T02:00:00.000Z","event":"NEW_CANDLE","market":"IDX","symbol":"BBRI","timeframe":"D","volume":226634400},"timestamp":"2026-08-02T19:16:51.313Z"}
{"level":"info","message":{"close":6325,"datetime":"2026-07-31T09:00:00.000Z","event":"NEW_CANDLE","market":"IDX","symbol":"BBCA","timeframe":"15","volume":59111400},"timestamp":"2026-08-02T19:30:11.720Z"}
{"level":"info","message":{"close":3040,"datetime":"2026-07-31T02:00:00.000Z","event":"NEW_CANDLE","market":"IDX","symbol":"BBRI","timeframe":"D","volume":226634400},"timestamp":"2026-08-02T19:30:11.723Z"}
{"level":"info","message":{"close":6325,"datetime":"2026-07-31T02:00:00.000Z","event":"NEW_CANDLE","market":"IDX","symbol":"BBCA","timeframe":"D","volume":153174800},"timestamp":"2026-08-02T19:30:11.724Z"}
{"level":"info","message":{"close":2880,"datetime":"2026-07-31T02:00:00.000Z","event":"NEW_CANDLE","market":"IDX","symbol":"ANTM","timeframe":"D","volume":98459300},"timestamp":"2026-08-02T19:30:11.725Z"}
{"level":"info","message":{"close":6325,"datetime":"2026-07-27T02:00:00.000Z","event":"NEW_CANDLE","market":"IDX","symbol":"BBCA","timeframe":"W","volume":676280400},"timestamp":"2026-08-02T19:30:11.731Z"}
{"level":"info","message":{"close":6325,"datetime":"2026-07-31T09:00:00.000Z","event":"NEW_CANDLE","market":"IDX","symbol":"BBCA","timeframe":"60","volume":59111400},"timestamp":"2026-08-02T19:30:11.738Z"}
{"level":"info","message":{"close":2880,"datetime":"2026-07-31T02:00:00.000Z","event":"NEW_CANDLE","market":"IDX","symbol":"ANTM","timeframe":"D","volume":98459300},"timestamp":"2026-08-02T19:33:39.996Z"}
{"level":"info","message":{"close":3040,"datetime":"2026-07-31T02:00:00.000Z","event":"NEW_CANDLE","market":"IDX","symbol":"BBRI","timeframe":"D","volume":226634400},"timestamp":"2026-08-02T19:33:39.998Z"}
{"level":"info","message":{"close":6325,"datetime":"2026-07-31T02:00:00.000Z","event":"NEW_CANDLE","market":"IDX","symbol":"BBCA","timeframe":"D","volume":153174800},"timestamp":"2026-08-02T19:33:39.999Z"}
